[backblue.gif]
[fade.gif]
[index.html]
[ajax.googleapis.com/ajax/libs/jquery/1.7.1/jquery.min.js]
[www.lesateliersdubes.fr/js/jquery/fancybox/jquery.fancybox.js]
[www.lesateliersdubes.fr/js/jquery/fadealicious/javascript/slider-fadelicious.js]
[cdnjs.cloudflare.com/ajax/libs/Swiper/4.0.7/js/swiper.min.js]
[cdnjs.cloudflare.com/ajax/libs/Swiper/4.0.7/css/swiper.min.css]
[www.google-analytics.com/analytics.js]
[www.lesateliersdubes.fr/theme/default/img/logo_atelier.png]
[www.lesateliersdubes.fr/theme/default/img/icone_home.png]
[www.lesateliersdubes.fr/upload/galeries/galerie4/maxi/20170412-171922.-025834.jpg]
[www.lesateliersdubes.fr/upload/galeries/galerie4/maxi/img-8151.-110956.jpg]
[www.lesateliersdubes.fr/upload/galeries/galerie4/maxi/20160510-170609.-110944.jpg]
[www.lesateliersdubes.fr/upload/galeries/galerie4/maxi/20170727-184215.-030108.jpg]
[www.lesateliersdubes.fr/upload/galeries/galerie4/maxi/1.-031017.jpg]
[www.lesateliersdubes.fr/upload/galeries/galerie4/maxi/phone-110.-034009.jpg]
[www.lesateliersdubes.fr/upload/galeries/galerie4/maxi/phone-198.-034015.jpg]
[www.lesateliersdubes.fr/upload/galeries/galerie4/maxi/resized-20180318-142418.-091543.jpg]
[www.lesateliersdubes.fr/upload/galeries/galerie4/maxi/resized-20180318-142617.-091623.jpg]
[www.lesateliersdubes.fr/upload/galeries/galerie4/maxi/resized-20180318-142734.-091641.jpg]
[www.lesateliersdubes.fr/upload/galeries/galerie4/maxi/20180804-182743.-092622.jpg]
[www.lesateliersdubes.fr/fr/menuiserie-escalier-lozere-aveyron-cantal/amenagement-menuisier-aubrac/3-escaliers-bois-traditionnel-contemporain.html]
[www.lesateliersdubes.fr/theme/default/knacss.css]
[www.lesateliersdubes.fr/theme/default/fonts/champagne__limousines-webfont.eot]
[www.lesateliersdubes.fr/theme/default/fonts/champagne__limousines-webfontd41d.eot]
[www.lesateliersdubes.fr/theme/default/fonts/champagne__limousines-webfont.woff]
[www.lesateliersdubes.fr/theme/default/fonts/champagne__limousines-webfont.ttf]
[www.lesateliersdubes.fr/theme/default/img/bg_site3.jpg]
[www.lesateliersdubes.fr/theme/default/img/bg_menu.png]
[www.lesateliersdubes.fr/theme/default/img/bg_hover_menu.png]
[www.lesateliersdubes.fr/theme/default/img/bg_content.png]
[www.lesateliersdubes.fr/theme/default/img/puce_h1.jpg]
[www.lesateliersdubes.fr/theme/default/img/puce.gif]
[www.lesateliersdubes.fr/theme/default/img/bg_footer.png]
[www.lesateliersdubes.fr/theme/default/style.css]
[www.lesateliersdubes.fr/js/jquery/fancybox/fancybox_sprite.png]
[www.lesateliersdubes.fr/js/jquery/fancybox/fancybox_loading.gif]
[www.lesateliersdubes.fr/js/jquery/fancybox/blank.gif]
[www.lesateliersdubes.fr/js/jquery/fancybox/fancybox_overlay.png]
[www.lesateliersdubes.fr/js/jquery/fancybox/fancybox_sprite@2x.png]
[www.lesateliersdubes.fr/js/jquery/fancybox/fancybox_loading@2x.gif]
[www.lesateliersdubes.fr/js/jquery/fancybox/jquery.fancybox.css]
[www.lesateliersdubes.fr/js/jquery/fadealicious/images/slider-bg-border.gif]
[www.lesateliersdubes.fr/js/jquery/fadealicious/images/bg.png]
[www.lesateliersdubes.fr/theme/default/img/bg_legende.png]
[www.lesateliersdubes.fr/js/jquery/fadealicious/css/slider-fadelicious2.css]
[cdnjs.cloudflare.com/ajax/libs/Swiper/4.0.7/css/swiper.min.css]
[www.lesateliersdubes.fr/upload/galeries/galerie2/maxi/20160510-170716.-111625.jpg]
[www.lesateliersdubes.fr/upload/galeries/galerie2/maxi/img-6187.-111629.jpg]
[www.lesateliersdubes.fr/upload/galeries/galerie2/maxi/img-6188.-111633.jpg]
[www.lesateliersdubes.fr/upload/galeries/galerie2/maxi/img-6192.-111637.jpg]
[www.lesateliersdubes.fr/upload/galeries/galerie2/maxi/img-6198.-111653.jpg]
[www.lesateliersdubes.fr/upload/galeries/galerie2/maxi/20160323-173047.-025349.jpg]
[www.lesateliersdubes.fr/upload/galeries/galerie2/maxi/img-8147.-111701.jpg]
[www.lesateliersdubes.fr/upload/galeries/galerie2/maxi/img-8148.-111707.jpg]
[www.lesateliersdubes.fr/upload/galeries/galerie2/maxi/img-2712.-120425.jpg]
[www.lesateliersdubes.fr/upload/galeries/galerie2/maxi/img-2683.-120449.jpg]
[www.lesateliersdubes.fr/upload/galeries/galerie2/maxi/img-2922.-120609.jpg]
[www.lesateliersdubes.fr/upload/galeries/galerie2/maxi/20181026-162202.-092015.jpg]
[www.lesateliersdubes.fr/upload/galeries/galerie2/maxi/fenetre-90.-092023.jpg]
[www.lesateliersdubes.fr/upload/galeries/galerie2/maxi/porte-90.-092031.jpg]
[www.lesateliersdubes.fr/upload/galeries/galerie2/maxi/19390549-1445600372413755-520709339835140705-o.-092726.jpg]
[www.lesateliersdubes.fr/upload/galeries/galerie2/maxi/19143696-1445600392413753-787488536147481630-o.-092735.jpg]
[www.lesateliersdubes.fr/fr/menuiserie-escalier-lozere-aveyron-cantal/amenagement-menuisier-aubrac/4-menuiserie-porte-meuble.html]
[www.lesateliersdubes.fr/upload/galeries/galerie8/maxi/20170412-155440.-025633.jpg]
[www.lesateliersdubes.fr/upload/galeries/galerie8/maxi/20170224-172755.-113634.jpg]
[www.lesateliersdubes.fr/fr/menuiserie-escalier-lozere-aveyron-cantal/amenagement-menuisier-aubrac/71-amenagement-cuisine-lozere.html]
[www.lesateliersdubes.fr/upload/galeries/galerie3/maxi/img-6200.-115954.jpg]
[www.lesateliersdubes.fr/upload/galeries/galerie3/maxi/20170928-154655.-115938.jpg]
[www.lesateliersdubes.fr/upload/galeries/galerie3/maxi/20151219-184157.-115931.jpg]
[www.lesateliersdubes.fr/upload/galeries/galerie3/maxi/img-6183.-115943.jpg]
[www.lesateliersdubes.fr/upload/galeries/galerie3/maxi/img-6199.-115949.jpg]
[www.lesateliersdubes.fr/upload/galeries/galerie3/maxi/img-7673.-113336.jpg]
[www.lesateliersdubes.fr/upload/galeries/galerie3/maxi/img-7682.-113447.jpg]
[www.lesateliersdubes.fr/upload/galeries/galerie3/maxi/voltigeuses-1-final.-094102.jpg]
[www.lesateliersdubes.fr/upload/galeries/galerie3/maxi/amenagement1.-112348.jpg]
[www.lesateliersdubes.fr/upload/galeries/galerie3/maxi/img-2709.-014855.jpg]
[www.lesateliersdubes.fr/upload/galeries/galerie3/maxi/030.-032051.jpg]
[www.lesateliersdubes.fr/fr/menuiserie-escalier-lozere-aveyron-cantal/amenagement-menuisier-aubrac/5-amenagement-dressing-rangement.html]
[www.lesateliersdubes.fr/upload/galeries/galerie9/maxi/voltigeuses-14-final-bis.-014705.jpg]
[www.lesateliersdubes.fr/upload/galeries/galerie9/maxi/voltigeuses-16-final.-014714.jpg]
[www.lesateliersdubes.fr/upload/galeries/galerie9/maxi/voltigeuses-18-final.-014722.jpg]
[www.lesateliersdubes.fr/upload/galeries/galerie9/maxi/voltigeuses-32-final.-014729.jpg]
[www.lesateliersdubes.fr/upload/galeries/galerie9/maxi/amenagement1.-025109.jpg]
[www.lesateliersdubes.fr/upload/galeries/galerie9/maxi/amenagement3.-025115.jpg]
[www.lesateliersdubes.fr/upload/galeries/galerie9/maxi/img-2709.-025145.jpg]
[www.lesateliersdubes.fr/upload/galeries/galerie9/maxi/img-2935.-025225.jpg]
[www.lesateliersdubes.fr/upload/galeries/galerie9/maxi/resized-20180705-200922.-092438.jpg]
[www.lesateliersdubes.fr/upload/galeries/galerie9/maxi/resized-20180705-200257.-092451.jpg]
[www.lesateliersdubes.fr/upload/galeries/galerie9/maxi/resized-20180705-200341.-092500.jpg]
[www.lesateliersdubes.fr/upload/galeries/galerie9/maxi/resized-20180705-200536.-092509.jpg]
[www.lesateliersdubes.fr/fr/menuiserie-escalier-lozere-aveyron-cantal/amenagement-menuisier-aubrac/72-agencemenent-professionnel-lozere-cantal-aveyron.html]
[www.lesateliersdubes.fr/upload/galeries/galerie7/maxi/20161125-162117.-121157.jpg]
[www.lesateliersdubes.fr/upload/galeries/galerie7/maxi/img-3265.-051502.jpg]
[www.lesateliersdubes.fr/upload/galeries/galerie7/maxi/img-3255.-051700.jpg]
[www.lesateliersdubes.fr/upload/galeries/galerie7/maxi/img-3263.-051637.jpg]
[www.lesateliersdubes.fr/upload/galeries/galerie7/maxi/img-3261.-051545.jpg]
[www.lesateliersdubes.fr/upload/galeries/galerie7/maxi/img-3260.-051645.jpg]
[www.lesateliersdubes.fr/upload/galeries/galerie7/maxi/phone-115-a.-034031.jpg]
[www.lesateliersdubes.fr/upload/galeries/galerie7/maxi/phone-283.-034039.jpg]
[www.lesateliersdubes.fr/upload/galeries/galerie7/maxi/phone-114.-034046.jpg]
[www.lesateliersdubes.fr/fr/menuiserie-escalier-lozere-aveyron-cantal/amenagement-menuisier-aubrac/7-terrasse-bois-architecture.html]
[www.lesateliersdubes.fr/upload/galeries/galerie5/maxi/20161221-154409.-121056.jpg]
[www.lesateliersdubes.fr/upload/galeries/galerie5/maxi/img-3244.-032528.jpg]
[www.lesateliersdubes.fr/upload/galeries/galerie5/maxi/fenetre-bois.-040828.jpg]
[www.lesateliersdubes.fr/upload/galeries/galerie5/maxi/gari-22-.-105544.jpg]
[www.lesateliersdubes.fr/upload/galeries/galerie5/maxi/gari-31-.-110226.jpg]
[www.lesateliersdubes.fr/upload/galeries/galerie5/maxi/20181026-162202.-091812.jpg]
[www.lesateliersdubes.fr/upload/galeries/galerie5/maxi/porte-90.-091824.jpg]
[www.lesateliersdubes.fr/upload/galeries/galerie5/maxi/fenetre-90.-091929.jpg]
[www.lesateliersdubes.fr/fr/menuiserie-escalier-lozere-aveyron-cantal/amenagement-menuisier-aubrac/6-patrimoine-architecture-lozere-aveyron.html]
[www.lesateliersdubes.fr/upload/galeries/galerie10/maxi/lesateliersdubes-metalerie-19250516-1445600325747093-1321708415855112602-o.-012538.jpg]
[www.lesateliersdubes.fr/upload/galeries/galerie10/maxi/20180804-182743.-092249.jpg]
[www.lesateliersdubes.fr/upload/galeries/galerie10/maxi/resized-20180318-142348.-092257.jpg]
[www.lesateliersdubes.fr/upload/galeries/galerie10/maxi/resized-20180318-142639.-092224.jpg]
[www.lesateliersdubes.fr/upload/galeries/galerie10/maxi/resized-20180318-142512.-092237.jpg]
[www.lesateliersdubes.fr/upload/galeries/galerie10/maxi/resized-20180318-142443.-092310.jpg]
[www.lesateliersdubes.fr/upload/galeries/galerie10/maxi/resized-20180318-142455.-092318.jpg]
[www.lesateliersdubes.fr/fr/menuiserie-escalier-lozere-aveyron-cantal/amenagement-menuisier-aubrac/73-metallerie.html]
[www.lesateliersdubes.fr/theme/default/fonts/champagne__limousines-webfont.svg]
[www.lesateliersdubes.fr/upload/galeries/galerie4/maxi/photo-191.-023333.jpg]
